  * basestack -> (no tab)
    $ git merge-base 390f0e0efee30a2aeeaa07895560d97eafaab479 HEAD
    $ git rev-parse 390f0e0efee30a2aeeaa07895560d97eafaab479
    $ git rev-parse --short 390f0e0efee30a2aeeaa07895560d97eafaab479
    $ ./start-docker.sh up --ref 390f0e0efee30a2aeeaa07895560d97eafaab479 --ttl 1800
🐳 building petclinic-390f0e0e from 390f0e0e  (this takes a few minutes the first time)
#1 [internal] load local bake definitions
#1 reading from stdin 2.79kB done
#1 DONE 0.0s

#2 [frontend internal] load build definition from Dockerfile
#2 transferring dockerfile: 1.67kB 0.0s done
#2 DONE 0.1s

#3 [notification internal] load build definition from Dockerfile
#3 transferring dockerfile: 1.22kB 0.0s done
#3 DONE 0.2s

#4 [backend internal] load build definition from Dockerfile
#4 transferring dockerfile: 1.22kB 0.0s done
#4 DONE 0.1s

#5 [frontend internal] load metadata for docker.io/library/nginx:1.27-alpine
#5 DONE 0.0s

#6 [frontend internal] load metadata for docker.io/library/node:18-bookworm-slim
#6 DONE 0.0s

#7 [reset internal] load build definition from Dockerfile
#7 transferring dockerfile: 1.31kB 0.0s done
#7 DONE 0.2s

#8 [backend internal] load metadata for docker.io/library/maven:3.9-eclipse-temurin-21
#8 DONE 0.0s

#9 [backend internal] load metadata for docker.io/library/eclipse-temurin:21-jre
#9 DONE 0.0s

#10 [reset internal] load metadata for docker.io/library/alpine:3.20
#10 DONE 0.0s

#11 [reset context fixtures] load .dockerignore
#11 DONE 0.0s

#12 [frontend internal] load .dockerignore
#12 transferring context:
#12 ...

#9 [notification internal] load metadata for docker.io/library/eclipse-temurin:21-jre
#9 DONE 0.0s

#8 [notification internal] load metadata for docker.io/library/maven:3.9-eclipse-temurin-21
#8 DONE 0.0s

#12 [frontend internal] load .dockerignore
#12 transferring context: 67B 0.0s done
#12 DONE 0.2s

#13 [backend context commons] load .dockerignore
#13 transferring commons: 2B 0.0s done
#13 DONE 0.1s

#11 [reset context fixtures] load .dockerignore
#11 transferring fixtures: 2B 0.0s done
#11 DONE 0.2s

#14 [frontend build 1/7] FROM docker.io/library/node:18-bookworm-slim
#14 DONE 0.0s

#15 [frontend internal] load build context
#15 DONE 0.0s

#16 [frontend runtime 1/4] FROM docker.io/library/nginx:1.27-alpine
#16 DONE 0.0s

#17 [reset internal] load .dockerignore
#17 transferring context: 2B done
#17 ...

#18 [backend internal] load .dockerignore
#18 transferring context: 230B 0.0s done
#18 DONE 0.5s

#19 [notification internal] load .dockerignore
#19 transferring context: 60B 0.0s done
#19 DONE 0.5s

#17 [reset internal] load .dockerignore
#17 DONE 0.5s

#20 [notification context commons] load from client
#20 DONE 0.0s

#21 [notification stage-1 1/4] FROM docker.io/library/eclipse-temurin:21-jre
#21 DONE 0.0s

#22 [notification internal] load build context
#22 DONE 0.0s

#23 [notification context commons] load from client
#23 DONE 0.0s

#24 [notification build 1/8] FROM docker.io/library/maven:3.9-eclipse-temurin-21
#24 DONE 0.0s

#15 [frontend internal] load build context
#15 ...

#21 [backend stage-1 1/4] FROM docker.io/library/eclipse-temurin:21-jre
#21 DONE 0.0s

#24 [backend build 1/8] FROM docker.io/library/maven:3.9-eclipse-temurin-21
#24 DONE 0.0s

#25 [reset stage-0 1/5] FROM docker.io/library/alpine:3.20
#25 DONE 0.0s

#15 [frontend internal] load build context
#15 transferring context: 2.88MB 0.4s done
#15 ...

#22 [notification internal] load build context
#22 transferring context: 9.47kB 0.0s done
#22 DONE 0.4s

#23 [notification context commons] load from client
#23 transferring commons: 12.03kB 0.0s done
#23 DONE 0.5s

#26 [reset context fixtures] load from client
#26 transferring fixtures: 3.06kB 0.0s done
#26 DONE 0.5s

#27 [reset internal] load build context
#27 transferring context: 5.93kB 0.0s done
#27 DONE 0.5s

#15 [frontend internal] load build context
#15 DONE 0.6s

#28 [backend internal] load build context
#28 transferring context: 462.67kB 0.1s done
#28 DONE 0.5s

#20 [notification context commons] load from client
#20 transferring commons: 4.01kB 0.0s done
#20 DONE 0.5s

#29 [reset stage-0 4/5] COPY --from=fixtures . /fixtures/
#29 CACHED

#30 [reset stage-0 2/5] RUN apk add --no-cache postgresql16-client python3
#30 CACHED

#31 [reset stage-0 3/5] COPY reset-server.py /reset-server.py
#31 CACHED

#32 [reset stage-0 5/5] RUN adduser -D reset && mkdir -p /seed && chown reset:reset /seed
#32 CACHED

#33 [notification build 6/8] COPY pom.xml .
#33 CACHED

#34 [notification build 7/8] COPY src ./src
#34 CACHED

#35 [notification build 8/8] RUN --mount=type=cache,target=/root/.m2,sharing=locked mvn -q -B clean package -DskipTests
#35 CACHED

#36 [notification stage-1 4/4] COPY --from=build /app/target/*.jar app.jar
#36 CACHED

#37 [notification build 5/8] WORKDIR /app
#37 CACHED

#38 [notification build 3/8] COPY --from=commons src /commons/src
#38 CACHED

#39 [notification build 4/8] RUN --mount=type=cache,target=/root/.m2,sharing=locked mvn -q -B -f /commons/pom.xml install
#39 CACHED

#40 [notification stage-1 2/4] RUN apt-get update     && apt-get install -y --no-install-recommends curl     && rm -rf /var/lib/apt/lists/*
#40 CACHED

#41 [notification stage-1 3/4] WORKDIR /app
#41 CACHED

#42 [backend build 7/8] COPY src ./src
#42 CACHED

#43 [notification build 2/8] COPY --from=commons pom.xml /commons/pom.xml
#43 CACHED

#44 [backend build 6/8] COPY pom.xml .
#44 CACHED

#45 [backend build 8/8] RUN --mount=type=cache,target=/root/.m2,sharing=locked mvn -q -B clean package -DskipTests
#45 CACHED

#46 [backend stage-1 4/4] COPY --from=build /app/target/*.jar app.jar
#46 CACHED

#47 [frontend build 3/7] WORKDIR /app
#47 CACHED

#48 [frontend runtime 3/4] COPY nginx.conf /etc/nginx/conf.d/default.conf
#48 CACHED

#49 [frontend runtime 2/4] COPY --from=build /app/dist/ /usr/share/nginx/html/
#49 CACHED

#50 [frontend build 7/7] RUN npx ng build --configuration docker
#50 CACHED

#51 [frontend build 4/7] COPY package.json package-lock.json ./
#51 CACHED

#52 [frontend build 2/7] RUN apt-get update     && apt-get install -y --no-install-recommends python3 make g++     && rm -rf /var/lib/apt/lists/*
#52 CACHED

#53 [frontend build 5/7] RUN --mount=type=cache,target=/root/.npm,sharing=locked npm ci
#53 CACHED

#54 [frontend build 6/7] COPY . .
#54 CACHED

#55 [frontend runtime 4/4] COPY proxy-backend.conf /etc/nginx/proxy-backend.conf
#55 CACHED

#56 [notification] exporting to image
#56 exporting layers done
#56 writing image sha256:c79770aa85f39518b2eb9e27a84eacebb62dfd604b61db974a2af4a5dda2d33a 0.0s done
#56 naming to docker.io/library/petclinic-env-notification:390f0e0e 0.0s done
#56 DONE 0.2s

#57 [reset] exporting to image
#57 exporting layers done
#57 writing image sha256:266febe4d7cd0fda980981b684c0cfd8a46b2ba502999f6ac9468bc198e35883 0.0s done
#57 naming to docker.io/library/petclinic-env-reset:390f0e0e 0.0s done
#57 DONE 0.1s

#58 [frontend] exporting to image
#58 exporting layers done
#58 writing image sha256:4b4f389fef3d47531a3c42786771de2789b588138ef2983b38f1dbe6284cd5e1 0.0s done
#58 naming to docker.io/library/petclinic-env-frontend:390f0e0e done
#58 DONE 0.4s

#59 [backend] exporting to image
#59 exporting layers done
#59 writing image sha256:809ab8561b9343410ccb401c748b8bdb0201d61595d35a552076dfee3a8ca44d done
#59 naming to docker.io/library/petclinic-env-backend:390f0e0e 0.0s done
#59 DONE 0.4s

#60 [reset] resolving provenance for metadata file
#60 DONE 0.8s

#61 [backend] resolving provenance for metadata file
#61 DONE 0.7s

#62 [notification] resolving provenance for metadata file
#62 DONE 0.9s

#63 [frontend] resolving provenance for metadata file
#63 DONE 0.1s

✅ petclinic-390f0e0e ready — reaps itself after 30 idle minutes
   http://localhost:63395
   (copied to the clipboard)
 Image petclinic-env-backend:390f0e0e Building 
 Image petclinic-env-notification:390f0e0e Building 
 Image petclinic-env-frontend:390f0e0e Building 
 Image petclinic-env-reset:390f0e0e Building 
 Image petclinic-env-notification:390f0e0e Built 
 Image petclinic-env-backend:390f0e0e Built 
 Image petclinic-env-frontend:390f0e0e Built 
 Image petclinic-env-reset:390f0e0e Built 
 Network petclinic-390f0e0e_default Creating 
 Network petclinic-390f0e0e_default Created 
 Volume petclinic-390f0e0e_seed Creating 
 Volume petclinic-390f0e0e_seed Created 
 Volume petclinic-390f0e0e_pgdata Creating 
 Volume petclinic-390f0e0e_pgdata Created 
 Volume petclinic-390f0e0e_activity Creating 
 Volume petclinic-390f0e0e_activity Created 
 Container petclinic-390f0e0e-reaper-1 Creating 
 Container petclinic-390f0e0e-db-1 Creating 
 Container petclinic-390f0e0e-notification-1 Creating 
 Container petclinic-390f0e0e-reaper-1 Created 
 Container petclinic-390f0e0e-notification-1 Created 
 Container petclinic-390f0e0e-db-1 Created 
 Container petclinic-390f0e0e-backend-1 Creating 
 Container petclinic-390f0e0e-backend-1 Created 
 Container petclinic-390f0e0e-frontend-1 Creating 
 Container petclinic-390f0e0e-reset-1 Creating 
 Container petclinic-390f0e0e-reset-1 Created 
 Container petclinic-390f0e0e-frontend-1 Created 
 Container petclinic-390f0e0e-db-1 Starting 
 Container petclinic-390f0e0e-notification-1 Starting 
 Container petclinic-390f0e0e-reaper-1 Starting 
 Container petclinic-390f0e0e-db-1 Started 
 Container petclinic-390f0e0e-notification-1 Started 
 Container petclinic-390f0e0e-notification-1 Waiting 
 Container petclinic-390f0e0e-db-1 Waiting 
 Container petclinic-390f0e0e-reaper-1 Started 
 Container petclinic-390f0e0e-notification-1 Healthy 
 Container petclinic-390f0e0e-db-1 Healthy 
 Container petclinic-390f0e0e-backend-1 Starting 
 Container petclinic-390f0e0e-backend-1 Started 
 Container petclinic-390f0e0e-backend-1 Waiting 
 Container petclinic-390f0e0e-backend-1 Waiting 
 Container petclinic-390f0e0e-backend-1 Healthy 
 Container petclinic-390f0e0e-reset-1 Starting 
 Container petclinic-390f0e0e-backend-1 Healthy 
 Container petclinic-390f0e0e-frontend-1 Starting 
 Container petclinic-390f0e0e-frontend-1 Started 
 Container petclinic-390f0e0e-reset-1 Started 
 Container petclinic-390f0e0e-backend-1 Waiting 
 Container petclinic-390f0e0e-notification-1 Waiting 
 Container petclinic-390f0e0e-frontend-1 Waiting 
 Container petclinic-390f0e0e-reset-1 Waiting 
 Container petclinic-390f0e0e-reaper-1 Waiting 
 Container petclinic-390f0e0e-db-1 Waiting 
 Container petclinic-390f0e0e-db-1 Healthy 
 Container petclinic-390f0e0e-backend-1 Healthy 
 Container petclinic-390f0e0e-reaper-1 Healthy 
 Container petclinic-390f0e0e-notification-1 Healthy 
 Container petclinic-390f0e0e-frontend-1 Healthy 
 Container petclinic-390f0e0e-reset-1 Healthy 
