  * traces -> requirements
    $ cd petclinic-test && PW_TRACE=on COVERAGE_DIR=../.human-review/coverage ./test-on-own-stack.sh npm test
🐳 building petclinic-44689ad3 from 44689ad3  (this takes a few minutes the first time)
 Image petclinic-env-frontend:44689ad3 Building 
 Image petclinic-env-reset:44689ad3 Building 
 Image petclinic-env-backend:44689ad3 Building 
 Image petclinic-env-notification:44689ad3 Building 
#1 [internal] load local bake definitions
#1 reading from stdin 2.79kB done
#1 DONE 0.0s

#2 [reset internal] load build definition from Dockerfile
#2 transferring dockerfile: 1.31kB done
#2 DONE 0.2s

#3 [backend internal] load build definition from Dockerfile
#3 transferring dockerfile: 1.22kB done
#3 DONE 0.1s

#4 [notification internal] load build definition from Dockerfile
#4 transferring dockerfile: 1.22kB 0.0s done
#4 DONE 0.1s

#5 [frontend internal] load build definition from Dockerfile
#5 transferring dockerfile: 1.67kB 0.0s done
#5 DONE 0.2s

#6 [notification internal] load metadata for docker.io/library/maven:3.9-eclipse-temurin-21
#6 DONE 0.0s

#7 [notification internal] load metadata for docker.io/library/eclipse-temurin:21-jre
#7 DONE 0.0s

#6 [backend internal] load metadata for docker.io/library/maven:3.9-eclipse-temurin-21
#6 DONE 0.0s

#7 [backend internal] load metadata for docker.io/library/eclipse-temurin:21-jre
#7 DONE 0.0s

#8 [frontend internal] load metadata for docker.io/library/nginx:1.27-alpine
#8 DONE 0.0s

#9 [reset internal] load metadata for docker.io/library/alpine:3.20
#9 DONE 0.0s

#10 [frontend internal] load metadata for docker.io/library/node:18-bookworm-slim
#10 DONE 0.0s

#11 [reset context fixtures] load .dockerignore
#11 transferring fixtures: 2B done
#11 DONE 0.1s

#12 [backend context commons] load .dockerignore
#12 transferring commons: 2B done
#12 DONE 0.1s

#13 [frontend build 1/7] FROM docker.io/library/node:18-bookworm-slim
#13 DONE 0.0s

#14 [frontend runtime 1/4] FROM docker.io/library/nginx:1.27-alpine
#14 DONE 0.0s

#15 [notification stage-1 1/4] FROM docker.io/library/eclipse-temurin:21-jre
#15 DONE 0.0s

#16 [notification build 1/8] FROM docker.io/library/maven:3.9-eclipse-temurin-21
#16 DONE 0.0s

#17 [frontend internal] load .dockerignore
#17 transferring context: 67B 0.0s done
#17 DONE 0.1s

#18 [notification internal] load .dockerignore
#18 transferring context: 60B done
#18 DONE 0.1s

#19 [reset internal] load .dockerignore
#19 transferring context: 2B done
#19 DONE 0.1s

#20 [backend internal] load .dockerignore
#20 transferring context: 230B done
#20 DONE 0.1s

#21 [frontend internal] load build context
#21 ...

#15 [backend stage-1 1/4] FROM docker.io/library/eclipse-temurin:21-jre
#15 DONE 0.0s

#16 [backend build 1/8] FROM docker.io/library/maven:3.9-eclipse-temurin-21
#16 DONE 0.0s

#22 [reset stage-0 1/5] FROM docker.io/library/alpine:3.20
#22 DONE 0.0s

#23 [reset context fixtures] load from client
#23 DONE 0.0s

#24 [reset internal] load build context
#24 DONE 0.0s

#21 [frontend internal] load build context
#21 ...

#25 [notification internal] load build context
#25 transferring context: 9.47kB 0.0s done
#25 DONE 0.3s

#26 [notification context commons] load from client
#26 transferring commons: 12.03kB 0.0s done
#26 DONE 0.4s

#21 [frontend internal] load build context
#21 transferring context: 2.89MB 0.3s done
#21 DONE 0.5s

#27 [notification context commons] load from client
#27 transferring commons: 4.01kB 0.0s done
#27 DONE 0.4s

#23 [reset context fixtures] load from client
#23 transferring fixtures: 3.44kB 0.0s done
#23 DONE 0.4s

#28 [notification build 6/8] COPY pom.xml .
#28 CACHED

#29 [notification build 4/8] RUN --mount=type=cache,target=/root/.m2,sharing=locked mvn -q -B -f /commons/pom.xml install
#29 CACHED

#30 [notification stage-1 2/4] RUN apt-get update     && apt-get install -y --no-install-recommends curl     && rm -rf /var/lib/apt/lists/*
#30 CACHED

#31 [notification build 3/8] COPY --from=commons src /commons/src
#31 CACHED

#32 [notification build 7/8] COPY src ./src
#32 CACHED

#33 [notification stage-1 3/4] WORKDIR /app
#33 CACHED

#34 [notification build 5/8] WORKDIR /app
#34 CACHED

#35 [notification build 2/8] COPY --from=commons pom.xml /commons/pom.xml
#35 CACHED

#36 [notification build 8/8] RUN --mount=type=cache,target=/root/.m2,sharing=locked mvn -q -B clean package -DskipTests
#36 CACHED

#24 [reset internal] load build context
#24 transferring context: 5.93kB 0.0s done
#24 DONE 0.4s

#37 [notification stage-1 4/4] COPY --from=build /app/target/*.jar app.jar
#37 CACHED

#38 [backend internal] load build context
#38 transferring context: 473.57kB 0.1s done
#38 DONE 0.4s

#39 [reset stage-0 2/5] RUN apk add --no-cache postgresql16-client python3
#39 CACHED

#40 [reset stage-0 4/5] COPY --from=fixtures . /fixtures/
#40 CACHED

#41 [reset stage-0 3/5] COPY reset-server.py /reset-server.py
#41 CACHED

#42 [reset stage-0 5/5] RUN adduser -D reset && mkdir -p /seed && chown reset:reset /seed
#42 CACHED

#43 [notification] exporting to image
#43 exporting layers done
#43 writing image sha256:85db61fcbc8601939e21335761dd642ceee6e2ed203e2f24c0b72be1f06df224
#43 writing image sha256:85db61fcbc8601939e21335761dd642ceee6e2ed203e2f24c0b72be1f06df224 0.0s done
#43 naming to docker.io/library/petclinic-env-notification:44689ad3 0.0s done
#43 DONE 0.1s

#44 [backend build 6/8] COPY pom.xml .
#44 CACHED

#45 [frontend build 3/7] WORKDIR /app
#45 CACHED

#46 [frontend build 7/7] RUN npx ng build --configuration docker
#46 CACHED

#47 [frontend build 2/7] RUN apt-get update     && apt-get install -y --no-install-recommends python3 make g++     && rm -rf /var/lib/apt/lists/*
#47 CACHED

#48 [frontend build 6/7] COPY . .
#48 CACHED

#49 [frontend runtime 3/4] COPY nginx.conf /etc/nginx/conf.d/default.conf
#49 CACHED

#50 [frontend build 5/7] RUN --mount=type=cache,target=/root/.npm,sharing=locked npm ci
#50 CACHED

#51 [frontend build 4/7] COPY package.json package-lock.json ./
#51 CACHED

#52 [frontend runtime 2/4] COPY --from=build /app/dist/ /usr/share/nginx/html/
#52 CACHED

#53 [frontend runtime 4/4] COPY proxy-backend.conf /etc/nginx/proxy-backend.conf
#53 CACHED

#34 [backend build 5/8] WORKDIR /app
#34 CACHED

#54 [backend build 6/8] COPY pom.xml .
#54 CACHED

#29 [backend build 4/8] RUN --mount=type=cache,target=/root/.m2,sharing=locked mvn -q -B -f /commons/pom.xml install
#29 CACHED

#31 [backend build 3/8] COPY --from=commons src /commons/src
#31 CACHED

#35 [backend build 2/8] COPY --from=commons pom.xml /commons/pom.xml
#35 CACHED

#55 [reset] exporting to image
#55 exporting layers done
#55 writing image sha256:7e95efd4a6cdac0ea59ea3b85ac66dc76ed26e513175b74e42af2cda870f5570 done
#55 naming to docker.io/library/petclinic-env-reset:44689ad3 0.0s done
#55 DONE 0.1s

#56 [frontend] exporting to image
#56 exporting layers done
#56 writing image sha256:41277ed98b991472463922ca05493688fa9dc3b91e9e5768791ee32647e6a1db
#56 writing image sha256:41277ed98b991472463922ca05493688fa9dc3b91e9e5768791ee32647e6a1db 0.0s done
#56 naming to docker.io/library/petclinic-env-frontend:44689ad3 0.0s done
#56 DONE 0.4s

#57 [backend build 7/8] COPY src ./src
#57 DONE 0.3s

#58 [backend build 8/8] RUN --mount=type=cache,target=/root/.m2,sharing=locked mvn -q -B clean package -DskipTests
#58 ...

#59 [reset] resolving provenance for metadata file
#59 DONE 0.2s

#60 [notification] resolving provenance for metadata file
#60 DONE 0.3s

#61 [frontend] resolving provenance for metadata file
#61 DONE 0.1s

#58 [backend build 8/8] RUN --mount=type=cache,target=/root/.m2,sharing=locked mvn -q -B clean package -DskipTests
#58 ...

#30 [backend stage-1 2/4] RUN apt-get update     && apt-get install -y --no-install-recommends curl     && rm -rf /var/lib/apt/lists/*
#30 CACHED

#33 [backend stage-1 3/4] WORKDIR /app
#33 CACHED

#58 [backend build 8/8] RUN --mount=type=cache,target=/root/.m2,sharing=locked mvn -q -B clean package -DskipTests
#58 DONE 18.1s

#62 [backend stage-1 4/4] COPY --from=build /app/target/*.jar app.jar
#62 DONE 0.3s

#63 [backend] exporting to image
#63 exporting layers
#63 exporting layers 0.2s done
#63 writing image sha256:2aad7ed31847bd0df5000ec70174c25cb75cd6d7dad7cbce2496bd4955e26c3e
#63 writing image sha256:2aad7ed31847bd0df5000ec70174c25cb75cd6d7dad7cbce2496bd4955e26c3e 0.0s done
#63 naming to docker.io/library/petclinic-env-backend:44689ad3 0.0s done
#63 DONE 0.3s

#64 [backend] resolving provenance for metadata file
#64 DONE 0.0s
 Image petclinic-env-notification:44689ad3 Built 
 Image petclinic-env-backend:44689ad3 Built 
 Image petclinic-env-reset:44689ad3 Built 
 Image petclinic-env-frontend:44689ad3 Built 
 Network petclinic-44689ad3_default Creating 
 Network petclinic-44689ad3_default Created 
 Volume petclinic-44689ad3_pgdata Creating 
 Volume petclinic-44689ad3_pgdata Created 
 Volume petclinic-44689ad3_activity Creating 
 Volume petclinic-44689ad3_activity Created 
 Volume petclinic-44689ad3_seed Creating 
 Volume petclinic-44689ad3_seed Created 
 Container petclinic-44689ad3-notification-1 Creating 
 Container petclinic-44689ad3-reaper-1 Creating 
 Container petclinic-44689ad3-db-1 Creating 
 Container petclinic-44689ad3-db-1 Created 
 Container petclinic-44689ad3-reaper-1 Created 
 Container petclinic-44689ad3-notification-1 Created 
 Container petclinic-44689ad3-backend-1 Creating 
 Container petclinic-44689ad3-backend-1 Created 
 Container petclinic-44689ad3-frontend-1 Creating 
 Container petclinic-44689ad3-reset-1 Creating 
 Container petclinic-44689ad3-frontend-1 Created 
 Container petclinic-44689ad3-reset-1 Created 
 Container petclinic-44689ad3-db-1 Starting 
 Container petclinic-44689ad3-notification-1 Starting 
 Container petclinic-44689ad3-reaper-1 Starting 
 Container petclinic-44689ad3-db-1 Started 
 Container petclinic-44689ad3-reaper-1 Started 
 Container petclinic-44689ad3-notification-1 Started 
 Container petclinic-44689ad3-notification-1 Waiting 
 Container petclinic-44689ad3-db-1 Waiting 
 Container petclinic-44689ad3-notification-1 Healthy 
 Container petclinic-44689ad3-db-1 Healthy 
 Container petclinic-44689ad3-backend-1 Starting 
 Container petclinic-44689ad3-backend-1 Started 
 Container petclinic-44689ad3-backend-1 Waiting 
 Container petclinic-44689ad3-backend-1 Waiting 
 Container petclinic-44689ad3-backend-1 Healthy 
 Container petclinic-44689ad3-frontend-1 Starting 
 Container petclinic-44689ad3-backend-1 Healthy 
 Container petclinic-44689ad3-reset-1 Starting 
 Container petclinic-44689ad3-reset-1 Started 
 Container petclinic-44689ad3-frontend-1 Started 
 Container petclinic-44689ad3-reset-1 Waiting 
 Container petclinic-44689ad3-reaper-1 Waiting 
 Container petclinic-44689ad3-db-1 Waiting 
 Container petclinic-44689ad3-backend-1 Waiting 
 Container petclinic-44689ad3-notification-1 Waiting 
 Container petclinic-44689ad3-frontend-1 Waiting 
 Container petclinic-44689ad3-notification-1 Healthy 
 Container petclinic-44689ad3-db-1 Healthy 
 Container petclinic-44689ad3-reaper-1 Healthy 
 Container petclinic-44689ad3-backend-1 Healthy 
 Container petclinic-44689ad3-reset-1 Healthy 
 Container petclinic-44689ad3-frontend-1 Healthy 

✅ petclinic-44689ad3 ready — reaps itself after 30 idle minutes
   http://localhost:50369
   (copied to the clipboard)
📏 per-test coverage → /Users/victorrentea/workspace/petclinic-pr-visit-has-vet/.human-review/coverage (JaCoCo agent on 127.0.0.1:50313)
🧪 npm test → app http://127.0.0.1:50369, backend http://127.0.0.1:50314 (petclinic-44689ad3)

> qa@1.0.0 test
> playwright test


Running 13 tests using 1 worker

  ✓   1 [chromium] › src/add-owner.spec.ts:47:5 › adds an owner from the New Owner form and finds them by last name (1.2s)
  ✓   2 [chromium] › src/add-owner.spec.ts:59:5 › edits an owner from their own page and the change sticks (1.3s)
  ✓   3 [chromium] › src/add-visit.spec.ts:31:5 › Add a visit to an existing pet from the owner detail page @generate_sequence (10.6s)
  -   4 [chromium] › src/chatbot.spec.ts:20:7 › PetClinic Assistant (chatbot) › shows the signed-in owner from the JWT as read-only text (no editable name field)
  -   5 [chromium] › src/chatbot.spec.ts:31:7 › PetClinic Assistant (chatbot) › answers a triage question without a server error
  ✓   6 [chromium] › src/no-reset-endpoint.spec.ts:24:9 › the backend offers no way to wipe its data › POST /__reset is not a route this application serves (21ms)
  ✓   7 [chromium] › src/no-reset-endpoint.spec.ts:24:9 › the backend offers no way to wipe its data › POST /api/__reset is not a route this application serves (9ms)
  ✓   8 [chromium] › src/no-reset-endpoint.spec.ts:24:9 › the backend offers no way to wipe its data › POST /reset is not a route this application serves (7ms)
  ✓   9 [chromium] › src/no-reset-endpoint.spec.ts:24:9 › the backend offers no way to wipe its data › POST /api/reset is not a route this application serves (8ms)
  ✓  10 [chromium] › src/no-reset-endpoint.spec.ts:24:9 › the backend offers no way to wipe its data › POST /actuator/reset is not a route this application serves (8ms)
Screenshot saved: /Users/victorrentea/workspace/petclinic-pr-visit-has-vet/petclinic-test/test-results/screenshots/shows_all_visits_on_initial_load_2026-10-07T21-12-22-584Z.png
  ✓  11 [chromium] › src/visits.spec.ts:27:7 › Visits Page › shows all visits on initial load (1.1s)
Screenshot saved: /Users/victorrentea/workspace/petclinic-pr-visit-has-vet/petclinic-test/test-results/screenshots/rows_are_sorted_descending_by_date_2026-10-07T21-12-23-459Z.png
  ✓  12 [chromium] › src/visits.spec.ts:44:7 › Visits Page › rows are sorted descending by date (765ms)
Screenshot saved: /Users/victorrentea/workspace/petclinic-pr-visit-has-vet/petclinic-test/test-results/screenshots/owner_link_navigates_to_owner_detail_2026-10-07T21-12-24-184Z.png
  ✓  13 [chromium] › src/visits.spec.ts:52:7 › Visits Page › owner link navigates to owner detail (636ms)
🎚️  Detail: simplified · click an arrow to reveal its SQL / JSON payloads
🔭 Tempo behind http://localhost:3300
⏳ Waiting 1.6s for the last trace window to close…
⚠️  "Add a visit to an existing pet from the owner detail page": fetch failed — skipped
📊 Generated 0 diagram(s)

  2 skipped
  11 passed (18.8s)
    $ git rev-parse HEAD
    $ git rev-parse --short HEAD
    $ cd petclinic-test && PW_TRACE=on COVERAGE_DIR=../.human-review/coverage ./test-on-own-stack.sh npm run test:cucumber
↻ petclinic-44689ad3 is already up
http://localhost:50369
📏 per-test coverage → /Users/victorrentea/workspace/petclinic-pr-visit-has-vet/.human-review/coverage (JaCoCo agent on 127.0.0.1:50313)
🧪 npm run test:cucumber → app http://127.0.0.1:50369, backend http://127.0.0.1:50314 (petclinic-44689ad3)

> qa@1.0.0 test:cucumber
> SKIP_SERVER_START=1 cucumber-js

..........................................🎚️  Detail: simplified · click an arrow to reveal its SQL / JSON payloads
🔭 Tempo behind http://localhost:3300
⏳ Waiting 5.0s for the last trace window to close…
Error: a BeforeAll hook errored, process exiting: src/support/world.ts:215
    at Worker.wrapTestRunHookError (/Users/victorrentea/workspace/petclinic-pr-visit-has-vet/petclinic-test/node_modules/@cucumber/cucumber/src/runtime/worker.ts:124:12)
    at Worker.runTestRunHook (/Users/victorrentea/workspace/petclinic-pr-visit-has-vet/petclinic-test/node_modules/@cucumber/cucumber/src/runtime/worker.ts:84:22)
    at async Worker.runAfterAllHooks (/Users/victorrentea/workspace/petclinic-pr-visit-has-vet/petclinic-test/node_modules/@cucumber/cucumber/src/runtime/worker.ts:170:22)
    at async InProcessAdapter.run (/Users/victorrentea/workspace/petclinic-pr-visit-has-vet/petclinic-test/node_modules/@cucumber/cucumber/src/runtime/serial/adapter.ts:43:5)
    at async Coordinator.run (/Users/victorrentea/workspace/petclinic-pr-visit-has-vet/petclinic-test/node_modules/@cucumber/cucumber/src/runtime/coordinator.ts:35:21)
    at async runCucumber (/Users/victorrentea/workspace/petclinic-pr-visit-has-vet/petclinic-test/node_modules/@cucumber/cucumber/src/api/run_cucumber.ts:161:19)
    at async Cli.run (/Users/victorrentea/workspace/petclinic-pr-visit-has-vet/petclinic-test/node_modules/@cucumber/cucumber/src/cli/index.ts:79:25)
    at async Object.run [as default] (/Users/victorrentea/workspace/petclinic-pr-visit-has-vet/petclinic-test/node_modules/@cucumber/cucumber/src/cli/run.ts:32:14) {
  [cause]: Error: function timed out, ensure the promise resolves within 60000 milliseconds
      at Timeout.<anonymous> (/Users/victorrentea/workspace/petclinic-pr-visit-has-vet/petclinic-test/node_modules/@cucumber/cucumber/src/time.ts:52:14)
      at listOnTimeout (node:internal/timers:588:17)
      at processTimers (node:internal/timers:523:7)
}
    $ /Users/victorrentea/workspace/human-review/skills/human-review/scripts/playwright-traces.py --report "petclinic-test/test-results/playwright-report" --out .human-review/assets --json .human-review/assets/traces.json --limit 16 --project-dir "petclinic-test" --cucumber "petclinic-test/test-results/cucumber-traces"
[traces] 15 trace(s), 3.5 MB -> .human-review/assets/traces
